EVA_1_4_1RA_FORMA_NORMAL
Microsoft Windows [Versión 10.0.26100.6584]
(c) Microsoft Corporation. Todos los derechos reservados.

C:\Users\Hp>mysqlsh
MySQL Shell 8.0.44

Copyright (c) 2016, 2025, Oracle and/or its affiliates.
Oracle is a registered trademark of Oracle Corporation and/or its affiliates.
Other names may be trademarks of their respective owners.

Type '\help' or '\?' for help; '\quit' to exit.
 MySQL  JS > \sql
Switching to SQL mode... Commands end with ;
 MySQL  SQL > \connect --mc root@localhost
Creating a Classic session to 'root@localhost'
Fetching global names for auto-completion... Press ^C to stop.
Your MySQL connection id is 22
Server version: 8.0.44 MySQL Community Server - GPL
No default schema selected; type \use <schema> to set one.
 MySQL  localhost:3306 ssl  SQL > use talle1;
MySQL Error 1049: Unknown database 'talle1'
 MySQL  localhost:3306 ssl  SQL > show tables;
ERROR: 1046 (3D000): No database selected
 MySQL  localhost:3306 ssl  SQL > use taller1;
Default schema set to `taller1`.
Fetching global names, object names from `taller1` for auto-completion... Press ^C to stop.
 MySQL  localhost:3306 ssl  taller1  SQL > shoe tables;
ERROR: 1064 (42000): You have an error in your SQL syntax; check the manual that corresponds to your MySQL server version for the right syntax to use near 'shoe tables' at line 1
 MySQL  localhost:3306 ssl  taller1  SQL > show tables;
Empty set (0.0159 sec)
 MySQL  localhost:3306 ssl  taller1  SQL > create table persona(
                                        -> idpersona int not null auto_increment key,
                                        -> nombre varhar(50),
                                        -> apellido varchar(50),
                                        -> fecha_naciminento date);
ERROR: 1064 (42000): You have an error in your SQL syntax; check the manual that corresponds to your MySQL server version for the right syntax to use near 'varhar(50),
apellido varchar(50),
fecha_naciminento date)' at line 3
 MySQL  localhost:3306 ssl  taller1  SQL > create table persona( idpersona int not null auto_increment key, nombre varchar(50), apellido varchar(50), fecha_naciminento date);
Query OK, 0 rows affected (0.0817 sec)
 MySQL  localhost:3306 ssl  taller1  SQL > desc persona;
+-------------------+-------------+------+-----+---------+----------------+
| Field             | Type        | Null | Key | Default | Extra          |
+-------------------+-------------+------+-----+---------+----------------+
| idpersona         | int         | NO   | PRI | NULL    | auto_increment |
| nombre            | varchar(50) | YES  |     | NULL    |                |
| apellido          | varchar(50) | YES  |     | NULL    |                |
| fecha_naciminento | date        | YES  |     | NULL    |                |
+-------------------+-------------+------+-----+---------+----------------+
4 rows in set (0.0186 sec)
 MySQL  localhost:3306 ssl  taller1  SQL > show create table persona;
+---------+-----------------------------------------------------------------------------------------------------------------------------------------------------------------------------------------------------------------------------------------------------------------------------------------+
| Table   | Create Table                                                                                                                                                                                                                                                                            |
+---------+-----------------------------------------------------------------------------------------------------------------------------------------------------------------------------------------------------------------------------------------------------------------------------------------+
| persona | CREATE TABLE `persona` (
  `idpersona` int NOT NULL AUTO_INCREMENT,
  `nombre` varchar(50) DEFAULT NULL,
  `apellido` varchar(50) DEFAULT NULL,
  `fecha_naciminento` date DEFAULT NULL,
  PRIMARY KEY (`idpersona`)
) ENGINE=InnoDB DEFAULT CHARSET=utf8mb4 COLLATE=utf8mb4_0900_ai_ci |
+---------+-----------------------------------------------------------------------------------------------------------------------------------------------------------------------------------------------------------------------------------------------------------------------------------------+
1 row in set (0.0165 sec)
 MySQL  localhost:3306 ssl  taller1  SQL > show tables;
+-------------------+
| Tables_in_taller1 |
+-------------------+
| persona           |
+-------------------+
1 row in set (0.0021 sec)
 MySQL  localhost:3306 ssl  taller1  SQL > insert into persona (nombre, apellido, fecha_nacimiento)
                                        -> value ('Juan','Perez Robles','1990-02-20');
ERROR: 1054 (42S22): Unknown column 'fecha_nacimiento' in 'field list'
 MySQL  localhost:3306 ssl  taller1  SQL > insert into persona (nombre, apellido, fecha_naciminento) value ('Juan','Perez Robles','1990-02-20');
Query OK, 1 row affected (0.0192 sec)
 MySQL  localhost:3306 ssl  taller1  SQL > insert into persona (nombre, apellido, fecha_naciminento) values ('Paola','Sanchez','1998-09-30'), ('Daniela','Chanes','2000-04-19');
Query OK, 2 rows affected (0.0143 sec)

Records: 2  Duplicates: 0  Warnings: 0
 MySQL  localhost:3306 ssl  taller1  SQL > select * from persona;
+-----------+---------+--------------+-------------------+
| idpersona | nombre  | apellido     | fecha_naciminento |
+-----------+---------+--------------+-------------------+
|         1 | Juan    | Perez Robles | 1990-02-20        |
|         2 | Paola   | Sanchez      | 1998-09-30        |
|         3 | Daniela | Chanes       | 2000-04-19        |
+-----------+---------+--------------+-------------------+
3 rows in set (0.0008 sec)
 MySQL  localhost:3306 ssl  taller1  SQL > insert into persona (nombre)
                                        -> values ('Yolanda'), ('Mateo'), ('Rigoberto');
Query OK, 3 rows affected (0.0153 sec)

Records: 3  Duplicates: 0  Warnings: 0
 MySQL  localhost:3306 ssl  taller1  SQL > select * from persona;
+-----------+-----------+--------------+-------------------+
| idpersona | nombre    | apellido     | fecha_naciminento |
+-----------+-----------+--------------+-------------------+
|         1 | Juan      | Perez Robles | 1990-02-20        |
|         2 | Paola     | Sanchez      | 1998-09-30        |
|         3 | Daniela   | Chanes       | 2000-04-19        |
|         4 | Yolanda   | NULL         | NULL              |
|         5 | Mateo     | NULL         | NULL              |
|         6 | Rigoberto | NULL         | NULL              |
+-----------+-----------+--------------+-------------------+
6 rows in set (0.0009 sec)
 MySQL  localhost:3306 ssl  taller1  SQL > create table estudiante(
                                        -> id_estudiante int not null auto_increment key,
                                        -> nombre_estudiante varchar(30);
ERROR: 1064 (42000): You have an error in your SQL syntax; check the manual that corresponds to your MySQL server version for the right syntax to use near '' at line 3
 MySQL  localhost:3306 ssl  taller1  SQL > create table estudiante( id_estudiante int not null auto_increment key, nombre_estudiante varchar(30), nombre_materia varchar(50));
Query OK, 0 rows affected (0.0343 sec)
 MySQL  localhost:3306 ssl  taller1  SQL > show table estudiante;
ERROR: 1064 (42000): You have an error in your SQL syntax; check the manual that corresponds to your MySQL server version for the right syntax to use near 'estudiante' at line 1
 MySQL  localhost:3306 ssl  taller1  SQL > show table estudiante;
ERROR: 1064 (42000): You have an error in your SQL syntax; check the manual that corresponds to your MySQL server version for the right syntax to use near 'estudiante' at line 1
 MySQL  localhost:3306 ssl  taller1  SQL > show tables;
+-------------------+
| Tables_in_taller1 |
+-------------------+
| estudiante        |
| persona           |
+-------------------+
2 rows in set (0.0026 sec)
 MySQL  localhost:3306 ssl  taller1  SQL > show table estudiante;
ERROR: 1064 (42000): You have an error in your SQL syntax; check the manual that corresponds to your MySQL server version for the right syntax to use near 'estudiante' at line 1
 MySQL  localhost:3306 ssl  taller1  SQL > desc estudiante;
+-------------------+-------------+------+-----+---------+----------------+
| Field             | Type        | Null | Key | Default | Extra          |
+-------------------+-------------+------+-----+---------+----------------+
| id_estudiante     | int         | NO   | PRI | NULL    | auto_increment |
| nombre_estudiante | varchar(30) | YES  |     | NULL    |                |
| nombre_materia    | varchar(50) | YES  |     | NULL    |                |
+-------------------+-------------+------+-----+---------+----------------+
3 rows in set (0.0025 sec)
 MySQL  localhost:3306 ssl  taller1  SQL > insert into estudiante (id_estudiante, nombre_estudiante, nombre_materia)
                                        -> values (100, 'Faíz','JAVA'),
                                        -> (101, 'Rama', 'C++'),
                                        -> (101, 'Rama', 'JAVA'),
                                        -> (102, 'Hitesh', 'ANDROID'),
                                        -> (103, 'Sullivan', 'C'),
                                        -> (103, 'Sullivan', 'C++'),
                                        -> (106, 'Mahendra', 'PHP');
ERROR: 1062 (23000): Duplicate entry '101' for key 'estudiante.PRIMARY'
 MySQL  localhost:3306 ssl  taller1  SQL > alter table estudiante modify comumn id_estudiante int;
ERROR: 1064 (42000): You have an error in your SQL syntax; check the manual that corresponds to your MySQL server version for the right syntax to use near 'id_estudiante int' at line 1
 MySQL  localhost:3306 ssl  taller1  SQL > ALTER TABLE estudiante MODIFY COLUMN id_estudiante INT;
Query OK, 0 rows affected (0.0666 sec)

Records: 0  Duplicates: 0  Warnings: 0
 MySQL  localhost:3306 ssl  taller1  SQL > ALTER TABLE estudiante DROP PRIMARY KEY;
Query OK, 0 rows affected (0.0720 sec)

Records: 0  Duplicates: 0  Warnings: 0
 MySQL  localhost:3306 ssl  taller1  SQL > ALTER TABLE estudiante ADD PRIMARY KEY (id_estudiante, nombre_materia);
Query OK, 0 rows affected (0.0719 sec)

Records: 0  Duplicates: 0  Warnings: 0
 MySQL  localhost:3306 ssl  taller1  SQL > insert into estudiante (id_estudiante, nombre_estudiante, nombre_materia) values (100, 'Faíz','JAVA'), (101, 'Rama', 'C++'), (101, 'Rama', 'JAVA'), (102, 'Hitesh', 'ANDROID'), (103, 'Sullivan', 'C'), (103, 'Sullivan', 'C++'), (106, 'Mahendra', 'PHP');
Query OK, 7 rows affected (0.0142 sec)

Records: 7  Duplicates: 0  Warnings: 0
 MySQL  localhost:3306 ssl  taller1  SQL > select * estudiante;
ERROR: 1064 (42000): You have an error in your SQL syntax; check the manual that corresponds to your MySQL server version for the right syntax to use near 'estudiante' at line 1
 MySQL  localhost:3306 ssl  taller1  SQL > select * from estudiante;
+---------------+-------------------+----------------+
| id_estudiante | nombre_estudiante | nombre_materia |
+---------------+-------------------+----------------+
|           100 | Faíz              | JAVA           |
|           101 | Rama              | C++            |
|           101 | Rama              | JAVA           |
|           102 | Hitesh            | ANDROID        |
|           103 | Sullivan          | C              |
|           103 | Sullivan          | C++            |
|           106 | Mahendra          | PHP            |
+---------------+-------------------+----------------+
7 rows in set (0.0008 sec)
 MySQL  localhost:3306 ssl  taller1  SQL >