EVA_1_3_CREATE_TABLE               10-02-2026
Microsoft Windows [Versión 10.0.26.6584]
(c) Microsoft Corporation. Todos los derechos reservados.

C:\Users\Hp>MYSQLSH
MySQL Shell 8.0.44

Copyright (c) 2016, 2025, Oracle and/or its affiliates.
Oracle is a registered trademark of Oracle Corporation and/or its affiliates.
Other names may be trademarks of their respective owners.

Type '\help' or '\?' for help; '\quit' to exit.
 MySQL  JS > \sql
Switching to SQL mode... Commands end with ;
 MySQL  SQL > \connect --mc root@localhost
Creating a Classic session to 'root@localhost'
Fetching global names for auto-completion... Press ^C to stop.
Your MySQL connection id is 21
Server version: 8.0.44 MySQL Community Server - GPL
No default schema selected; type \use <schema> to set one.
 MySQL  localhost:3306 ssl  SQL > show databases;
+--------------------+
| Database           |
+--------------------+
| information_schema |
| mysql              |
| performance_schema |
| sakila             |
| sys                |
| taller1            |
| world              |
+--------------------+
7 rows in set (0.0009 sec)
 MySQL  localhost:3306 ssl  SQL > use taller1;
Default schema set to `taller1`.
Fetching global names, object names from `taller1` for auto-completion... Press ^C to stop.
 MySQL  localhost:3306 ssl  taller1  SQL > showtables;
ERROR: 1064 (42000): You have an error in your SQL syntax; check the manual that corresponds to your MySQL server version for the right syntax to use near 'showtables' at line 1
 MySQL  localhost:3306 ssl  taller1  SQL > show tables;
Empty set (0.0015 sec)
 MySQL  localhost:3306 ssl  taller1  SQL > create table persona(
                                        -> idpersona int auto_increment key,
                                        -> nombre varchar(50),
                                        -> apellido varchar(50),
                                        -> fecha_nac date);
Query OK, 0 rows affected (0.0148 sec)
 MySQL  localhost:3306 ssl  taller1  SQL > show tables;
+-------------------+
| Tables_in_taller1 |
+-------------------+
| persona           |
+-------------------+
1 row in set (0.0015 sec)
 MySQL  localhost:3306 ssl  taller1  SQL > show create table persona;
+---------+---------------------------------------------------------------------------------------------------------------------------------------------------------------------------------------------------------------------------------------------------------------------------------+
| Table   | Create Table                                                                                                                                                                                                                                                                    |
+---------+---------------------------------------------------------------------------------------------------------------------------------------------------------------------------------------------------------------------------------------------------------------------------------+
| persona | CREATE TABLE `persona` (
  `idpersona` int NOT NULL AUTO_INCREMENT,
  `nombre` varchar(50) DEFAULT NULL,
  `apellido` varchar(50) DEFAULT NULL,
  `fecha_nac` date DEFAULT NULL,
  PRIMARY KEY (`idpersona`)
) ENGINE=InnoDB DEFAULT CHARSET=utf8mb4 COLLATE=utf8mb4_0900_ai_ci |
+---------+---------------------------------------------------------------------------------------------------------------------------------------------------------------------------------------------------------------------------------------------------------------------------------+
1 row in set (0.0124 sec)
 MySQL  localhost:3306 ssl  taller1  SQL > desc persona;
+-----------+-------------+------+-----+---------+----------------+
| Field     | Type        | Null | Key | Default | Extra          |
+-----------+-------------+------+-----+---------+----------------+
| idpersona | int         | NO   | PRI | NULL    | auto_increment |
| nombre    | varchar(50) | YES  |     | NULL    |                |
| apellido  | varchar(50) | YES  |     | NULL    |                |
| fecha_nac | date        | YES  |     | NULL    |                |
+-----------+-------------+------+-----+---------+----------------+
4 rows in set (0.0127 sec)
 MySQL  localhost:3306 ssl  taller1  SQL > drop table persona;
Query OK, 0 rows affected (0.0237 sec)
 MySQL  localhost:3306 ssl  taller1  SQL > show tables;
Empty set (0.0012 sec)
 MySQL  localhost:3306 ssl  taller1  SQL > create table persona(  idpersona int auto_increment key,  nombre varchar(50), apellido varchar(50), fecha_nac date);
Query OK, 0 rows affected (0.0261 sec)
 MySQL  localhost:3306 ssl  taller1  SQL > show tables;
+-------------------+
| Tables_in_taller1 |
+-------------------+
| persona           |
+-------------------+
1 row in set (0.0019 sec)
 MySQL  localhost:3306 ssl  taller1  SQL > insert into persona ( nombre, apellido, fecha_nac) value("Juan","Perez", "1990-05-20");
Query OK, 1 row affected (0.0030 sec)
 MySQL  localhost:3306 ssl  taller1  SQL > insert into persona
                                        -> value ("Juan","Perez", "1990-05-20");
ERROR: 1136 (21S01): Column count doesn't match value count at row 1
 MySQL  localhost:3306 ssl  taller1  SQL > insert into persona
                                        -> value (2, "Juan","Perez", "1990-05-20");
Query OK, 1 row affected (0.0138 sec)
 MySQL  localhost:3306 ssl  taller1  SQL > insert into persona(nombre. apellido)
                                        -> values("Pedro", "paramo"),("Adriana", "Saenz"), ("Juan", "Nepomuceno");
ERROR: 1054 (42S22): Unknown column 'nombre.apellido' in 'field list'
 MySQL  localhost:3306 ssl  taller1  SQL > insert into persona(nombre, apellido) values("Pedro", "paramo"),("Adriana", "Saenz"), ("Juan", "Nepomuceno");

Query OK, 3 rows affected (0.0138 sec)

Records: 3  Duplicates: 0  Warnings: 0
 MySQL  localhost:3306 ssl  taller1  SQL > select *from persona;
+-----------+---------+------------+------------+
| idpersona | nombre  | apellido   | fecha_nac  |
+-----------+---------+------------+------------+
|         1 | Juan    | Perez      | 1990-05-20 |
|         2 | Juan    | Perez      | 1990-05-20 |
|         3 | Pedro   | paramo     | NULL       |
|         4 | Adriana | Saenz      | NULL       |
|         5 | Juan    | Nepomuceno | NULL       |
+-----------+---------+------------+------------+
5 rows in set (0.0008 sec)
 MySQL  localhost:3306 ssl  taller1  SQL > drop table persona;
Query OK, 0 rows affected (0.0283 sec)
 MySQL  localhost:3306 ssl  taller1  SQL > show tables;
Empty set (0.0023 sec)
 MySQL  localhost:3306 ssl  taller1  SQL >
